ts=2026-01-03T10:00:01 level=info service=api bytes=512 msg="request served"
ts=2026-01-03T10:00:02 level=info service=api bytes=204 msg="request served"
ts=2026-01-03T10:00:04 level=warn service=worker bytes=1090 msg="slow job"
ts=2026-01-03T10:00:05 level=error service=api bytes=0 msg="upstream refused"
ts=2026-01-03T10:00:07 level=info service=cron bytes=88 msg="tick"
ts=2026-01-03T10:00:09 level=debug service=api bytes=51 msg="cache probe"
ts=2026-01-03T10:00:11 level=info service=api bytes=730 msg="request served"
ts=2026-01-03T10:00:12 level=warn service=api bytes=1421 retry msg="retrying \"push\" op"
ts=2026-01-03T10:00:15 level=info service=worker bytes=99 msg="job done"
ts=2026-01-03T10:00:18 level=error service=worker bytes=12 msg="disk full at C:\\data"
ts=2026-01-03T10:00:21 level=info service=api bytes=305 msg="request served"
ts=2026-01-03T10:00:22 level=debug service=cron bytes=17 msg="noop"
ts=2026-01-03T10:00:25 level=info service=api bytes=644 msg="request served"
ts=2026-01-03T10:00:28 level=warn service=cron bytes=205 msg="late tick"
ts=2026-01-03T10:00:30 level=info service=worker bytes=421 msg="job done"
ts=2026-01-03T10:00:33 level=error service=api bytes=7 msg="bad payload"
ts=2026-01-03T10:00:36 level=info service=api bytes=1002 msg="request served"
ts=2026-01-03T10:00:39 level=debug service=worker bytes=64 msg="heartbeat"
ts=2026-01-03T10:00:41 level=info service=cron bytes=93 msg="tick"
ts=2026-01-03T10:00:44 level=warn service=api bytes=873 msg="slow response"
ts=2026-01-03T10:00:47 level=info service=api bytes=356 msg="request served"
ts=2026-01-03T10:00:50 level=info service=worker bytes=208 msg="job done"
ts=2026-01-03T10:00:53 level=error service=cron bytes=3 msg="tick failed"
ts=2026-01-03T10:00:56 level=info service=api bytes=577 msg="request served"
ts=2026-01-03T10:00:59 level=debug service=api bytes=42 msg="cache probe"
ts=2026-01-03T10:01:02 level=info service=worker bytes=350 msg="job done"
ts=2026-01-03T10:01:05 level=warn service=worker bytes=1188 msg="slow job"
ts=2026-01-03T10:01:08 level=info service=api bytes=266 msg="request served"
ts=2026-01-03T10:01:11 level=info service=cron bytes=80 msg="tick"
ts=2026-01-03T10:01:14 level=error service=api bytes=29 msg="upstream refused"
